{
    "test_case3": [
        "arrow.get(1986, 1, 1)",
        "arrow.get(1986, 4, 1)",
        "arrow.get(1986, 7, 1)",
        "arrow.get(1986, 10, 1)"
    ],

    "test_case4": [
        "arrow.get(2007, 4, 1)",
        "arrow.get(2007, 7, 1)",
        "arrow.get(2007, 10, 1)",
        "arrow.get(2008, 1, 1)"
    ],

    "test_case5": [
        "arrow.get(1991, 1, 1)",
        "arrow.get(1991, 2, 1)",
        "arrow.get(1991, 3, 1)",
        "arrow.get(1991, 4, 1)",
        "arrow.get(1991, 5, 1)",
        "arrow.get(1991, 6, 1)",
        "arrow.get(1991, 7, 1)",
        "arrow.get(1991, 8, 1)",
        "arrow.get(1991, 9, 1)",
        "arrow.get(1991, 10, 1)",
        "arrow.get(1991, 11, 1)",
        "arrow.get(1991, 12, 1)"
    ],

    "test_case5b": [
        "arrow.get(1991, 1, 1)",
        "arrow.get(1991, 2, 1)",
        "arrow.get(1991, 3, 1)",
        "arrow.get(1991, 4, 1)",
        "arrow.get(1991, 5, 1)",
        "arrow.get(1991, 6, 1)",
        "arrow.get(1991, 7, 1)",
        "arrow.get(1991, 8, 1)",
        "arrow.get(1991, 9, 1)",
        "arrow.get(1991, 10, 1)",
        "arrow.get(1991, 11, 1)",
        "arrow.get(1991, 12, 1)"
    ],

    "test_case6": [
        "arrow.get(2004, 1, 1)",
        "arrow.get(2004, 1, 1)",
        "arrow.get(2004, 4, 1)",
        "arrow.get(2004, 7, 1)",
        "arrow.get(2004, 10, 1)"
    ],

    "test_case6b": [
        "arrow.get(2008, 1, 1)",
        "arrow.get(2008, 1, 1)",
        "arrow.get(2008, 4, 1)",
        "arrow.get(2008, 7, 1)",
        "arrow.get(2008, 10, 1)"
    ],

    "test_case7": [
        "arrow.get(1995, 1, 1)",
        "arrow.get(1996, 1, 1)",
        "arrow.get(1997, 1, 1)",
        "arrow.get(1998, 1, 1)",
        "arrow.get(1999, 1, 1)"
    ],

    "external_case1": [
        "arrow.get(1991, 1, 1)",
        "arrow.get(1991, 2, 1)",
        "arrow.get(1991, 3, 1)",
        "arrow.get(1991, 4, 1)",
        "arrow.get(1991, 5, 1)",
        "arrow.get(1991, 6, 1)",
        "arrow.get(1991, 7, 1)",
        "arrow.get(1991, 8, 1)",
        "arrow.get(1991, 9, 1)",
        "arrow.get(1991, 10, 1)",
        "arrow.get(1991, 11, 1)",
        "arrow.get(1991, 12, 1)"
    ],

    "external_case2": [
        "arrow.get(1991, 1, 1)",
        "arrow.get(1991, 2, 1)",
        "arrow.get(1991, 3, 1)",
        "arrow.get(1991, 4, 1)",
        "arrow.get(1991, 5, 1)",
        "arrow.get(1991, 6, 1)",
        "arrow.get(1991, 7, 1)",
        "arrow.get(1991, 8, 1)",
        "arrow.get(1991, 9, 1)",
        "arrow.get(1991, 10, 1)",
        "arrow.get(1991, 11, 1)",
        "arrow.get(1991, 12, 1)"
    ],

    "external_case3": [
        "arrow.get(2004, 1, 1)",
        "arrow.get(2004, 4, 1)",
        "arrow.get(2004, 7, 1)",
        "arrow.get(2004, 10, 1)"
    ],

    "external_case4": [
        "arrow.get(1991, 8, 1)",
        "arrow.get(1991, 9, 1)",
        "arrow.get(1991, 10, 1)",
        "arrow.get(1991, 11, 1)",
        "arrow.get(1991, 12, 1)",
        "arrow.get(1992, 1, 1)",
        "arrow.get(1992, 2, 1)"
    ],

    "external_case5": [
        "arrow.get(2003, 1, 1)",
        "arrow.get(2003, 4, 1)",
        "arrow.get(2003, 7, 1)",
        "arrow.get(2003, 10, 1)",
        "arrow.get(2003, 1, 1)",
        "arrow.get(2004, 1, 1)",
        "arrow.get(2004, 4, 1)"
    ]

}
